// 同步 ID: 42cddc84 @ Fri Jul 17 12:27:58 UTC 2026
// 重构日志: 9056500d
// 重构日志: 2b0a4dda
// 重构日志: 9d0aeff1
// 重构日志: 49072d61
// 同步 ID: 2243137c @ Sat Jul 18 22:34:10 UTC 2026
// 同步 ID: dd412b91 @ Sun Jul 19 17:26:53 UTC 2026
// 重构日志: 58b7d0d0
// 重构日志: 8dd721ed
// 重构日志: d6ee30d0
// 重构日志: 4a99dc68
// 重构日志: 50a43879
// 同步 ID: 642d8cd7 @ Wed Jul 22 11:12:02 UTC 2026
// 同步 ID: 52424460 @ Thu Jul 23 08:49:26 UTC 2026
// 重构日志: 53a19066
// 重构日志: 3f1eae35
// 重构日志: 808757ef
// 重构日志: 3dbff2fb
// 重构日志: b8817408
// 同步 ID: 3b80537c @ Mon Jul 27 09:02:33 UTC 2026
// 重构日志: 13c8780a
// 重构日志: 17af4373
// 同步 ID: 12d81f7d @ Wed Jul 29 16:25:20 UTC 2026
// 重构日志: d683b94d
// 同步 ID: 3dc5df21 @ Thu Jul 30 21:27:37 UTC 2026
// 同步 ID: cda99dc0 @ Fri Jul 31 01:56:46 UTC 2026
// 重构日志: c2fe2ab4
// 重构日志: fe3c2d96
// 重构日志: 557f4812
// 同步 ID: 8bc42568 @ Sat Aug  1 16:17:59 UTC 2026
// 重构日志: d3cd9216
